// Jest Snapshot v1, https://goo.gl/fbAQLP

exports[`SelectBox should render correctly 1`] = `
ShallowWrapper {
  Symbol(enzyme.__root__): [Circular],
  Symbol(enzyme.__unrendered__): <SelectBox />,
  Symbol(enzyme.__renderer__): Object {
    "batchedUpdates": [Function],
    "checkPropTypes": [Function],
    "getNode": [Function],
    "render": [Function],
    "simulateError": [Function],
    "simulateEvent": [Function],
    "unmount": [Function],
  },
  Symbol(enzyme.__node__): Object {
    "instance": null,
    "key": undefined,
    "nodeType": "host",
    "props": Object {
      "children": <select
        className="form-select"
        onChange={[Function]}
      >
        <option
          value="lastAdded"
        >
          Last Added
        </option>
        <option
          value="mostVoted"
        >
          Most Voted (a-&gt;z)
        </option>
        <option
          value="lessVoted"
        >
          Less Voted (z-&gt;a)
        </option>
      </select>,
    },
    "ref": null,
    "rendered": Object {
      "instance": null,
      "key": undefined,
      "nodeType": "host",
      "props": Object {
        "children": Array [
          <option
            value="lastAdded"
          >
            Last Added
          </option>,
          <option
            value="mostVoted"
          >
            Most Voted (a-&gt;z)
          </option>,
          <option
            value="lessVoted"
          >
            Less Voted (z-&gt;a)
          </option>,
        ],
        "className": "form-select",
        "onChange": [Function],
        "value": undefined,
      },
      "ref": null,
      "rendered": Array [
        Object {
          "instance": null,
          "key": undefined,
          "nodeType": "host",
          "props": Object {
            "children": "Last Added",
            "value": "lastAdded",
          },
          "ref": null,
          "rendered": "Last Added",
          "type": "option",
        },
        Object {
          "instance": null,
          "key": undefined,
          "nodeType": "host",
          "props": Object {
            "children": "Most Voted (a->z)",
            "value": "mostVoted",
          },
          "ref": null,
          "rendered": "Most Voted (a->z)",
          "type": "option",
        },
        Object {
          "instance": null,
          "key": undefined,
          "nodeType": "host",
          "props": Object {
            "children": "Less Voted (z->a)",
            "value": "lessVoted",
          },
          "ref": null,
          "rendered": "Less Voted (z->a)",
          "type": "option",
        },
      ],
      "type": "select",
    },
    "type": "div",
  },
  Symbol(enzyme.__nodes__): Array [
    Object {
      "instance": null,
      "key": undefined,
      "nodeType": "host",
      "props": Object {
        "children": <select
          className="form-select"
          onChange={[Function]}
        >
          <option
            value="lastAdded"
          >
            Last Added
          </option>
          <option
            value="mostVoted"
          >
            Most Voted (a-&gt;z)
          </option>
          <option
            value="lessVoted"
          >
            Less Voted (z-&gt;a)
          </option>
        </select>,
      },
      "ref": null,
      "rendered": Object {
        "instance": null,
        "key": undefined,
        "nodeType": "host",
        "props": Object {
          "children": Array [
            <option
              value="lastAdded"
            >
              Last Added
            </option>,
            <option
              value="mostVoted"
            >
              Most Voted (a-&gt;z)
            </option>,
            <option
              value="lessVoted"
            >
              Less Voted (z-&gt;a)
            </option>,
          ],
          "className": "form-select",
          "onChange": [Function],
          "value": undefined,
        },
        "ref": null,
        "rendered": Array [
          Object {
            "instance": null,
            "key": undefined,
            "nodeType": "host",
            "props": Object {
              "children": "Last Added",
              "value": "lastAdded",
            },
            "ref": null,
            "rendered": "Last Added",
            "type": "option",
          },
          Object {
            "instance": null,
            "key": undefined,
            "nodeType": "host",
            "props": Object {
              "children": "Most Voted (a->z)",
              "value": "mostVoted",
            },
            "ref": null,
            "rendered": "Most Voted (a->z)",
            "type": "option",
          },
          Object {
            "instance": null,
            "key": undefined,
            "nodeType": "host",
            "props": Object {
              "children": "Less Voted (z->a)",
              "value": "lessVoted",
            },
            "ref": null,
            "rendered": "Less Voted (z->a)",
            "type": "option",
          },
        ],
        "type": "select",
      },
      "type": "div",
    },
  ],
  Symbol(enzyme.__options__): Object {
    "adapter": ReactSixteenAdapter {
      "options": Object {
        "enableComponentDidUpdateOnSetState": true,
        "legacyContextMode": "parent",
        "lifecycles": Object {
          "componentDidUpdate": Object {
            "onSetState": true,
          },
          "getChildContext": Object {
            "calledByRenderer": false,
          },
          "getDerivedStateFromProps": Object {
            "hasShouldComponentUpdateBug": false,
          },
          "getSnapshotBeforeUpdate": true,
          "setState": Object {
            "skipsComponentDidUpdateOnNullish": true,
          },
        },
      },
    },
  },
}
`;
